// Typelizer digest 9639758a07e00e4992619fbdef2450db
//
// DO NOT MODIFY: This file was automatically generated by Typelizer.
import type {AlbaPost} from '@/types'

type AlbaUser = {
  id: number;
  username: string;
  active: boolean;
  invitor: AlbaUser;
  posts: Array<AlbaPost>;
  latest_post: AlbaPost;
}

export default AlbaUser;
