// Typelizer digest c6fb5013c54f52cedcbedeaef1455ff1
//
// DO NOT MODIFY: This file was automatically generated by Typelizer.
import type {AlbaUser, AlbaPost} from '@/types'

type AlbaUserSerializerFoo = {
  id: number;
  username: string;
  active: boolean;
  invitor: AlbaUser;
  posts: Array<AlbaPost>;
  latest_post: AlbaPost;
  created_at: string;
}

export default AlbaUserSerializerFoo;
