// Typelizer digest c272bbef7d366eb5882788757480509d
//
// DO NOT MODIFY: This file was automatically generated by Typelizer.
import type {AlbaUser} from '@/types'

type AlbaPost = {
  id: number;
  title?: string | null;
  category?: "news" | "article" | "blog" | null;
  body?: string | null;
  published_at?: string | null;
  user: AlbaUser;
  next_post: Post;
}

export default AlbaPost;
