// Typelizer digest b11065c38d475f7104b4d09c6ee44a31
//
// DO NOT MODIFY: This file was automatically generated by Typelizer.
export type { default as AlbaInline } from './AlbaInline'
export type { default as AlbaMetaNil } from './AlbaMetaNil'
export type { default as AlbaMeta } from './AlbaMeta'
export type { default as AlbaPoro } from './AlbaPoro'
export type { default as AlbaPost } from './AlbaPost'
export type { default as AlbaUserAuthor } from './AlbaUserAuthor'
export type { default as AlbaUser } from './AlbaUser'
export type { default as AlbaUserSerializerFoo } from './AlbaUserSerializerFoo'
export type { default as AmsPost } from './AmsPost'
export type { default as AmsUserAuthor } from './AmsUserAuthor'
export type { default as AmsUser } from './AmsUser'
export type { default as AmsUserSerializerFoo } from './AmsUserSerializerFoo'
export type { default as OjSerializersFlatUser } from './OjSerializersFlatUser'
export type { default as OjSerializersPost } from './OjSerializersPost'
export type { default as OjSerializersUserAuthor } from './OjSerializersUserAuthor'
export type { default as OjSerializersUser } from './OjSerializersUser'
export type { default as OjSerializersUserSerializerFoo } from './OjSerializersUserSerializerFoo'
